------------------------------------------------------------
Timing Analyzer Summary
------------------------------------------------------------

Type  : Slow 1200mV 85C Model Setup 'clk'
Slack : -2.043
TNS   : -23.463

Type  : Slow 1200mV 85C Model Setup 'display:dp|cfreq[16]'
Slack : -1.829
TNS   : -8.035

Type  : Slow 1200mV 85C Model Hold 'display:dp|cfreq[16]'
Slack : 0.454
TNS   : 0.000

Type  : Slow 1200mV 85C Model Hold 'clk'
Slack : 0.607
TNS   : 0.000

Type  : Slow 1200mV 85C Model Minimum Pulse Width 'clk'
Slack : -3.000
TNS   : -75.863

Type  : Slow 1200mV 85C Model Minimum Pulse Width 'display:dp|cfreq[16]'
Slack : -1.487
TNS   : -14.870

Type  : Slow 1200mV 0C Model Setup 'display:dp|cfreq[16]'
Slack : -1.707
TNS   : -6.924

Type  : Slow 1200mV 0C Model Setup 'clk'
Slack : -1.701
TNS   : -19.283

Type  : Slow 1200mV 0C Model Hold 'display:dp|cfreq[16]'
Slack : 0.403
TNS   : 0.000

Type  : Slow 1200mV 0C Model Hold 'clk'
Slack : 0.542
TNS   : 0.000

Type  : Slow 1200mV 0C Model Minimum Pulse Width 'clk'
Slack : -3.000
TNS   : -75.863

Type  : Slow 1200mV 0C Model Minimum Pulse Width 'display:dp|cfreq[16]'
Slack : -1.487
TNS   : -14.870

Type  : Fast 1200mV 0C Model Setup 'clk'
Slack : -0.646
TNS   : -1.925

Type  : Fast 1200mV 0C Model Setup 'display:dp|cfreq[16]'
Slack : -0.276
TNS   : -0.645

Type  : Fast 1200mV 0C Model Hold 'display:dp|cfreq[16]'
Slack : 0.187
TNS   : 0.000

Type  : Fast 1200mV 0C Model Hold 'clk'
Slack : 0.253
TNS   : 0.000

Type  : Fast 1200mV 0C Model Minimum Pulse Width 'clk'
Slack : -3.000
TNS   : -55.204

Type  : Fast 1200mV 0C Model Minimum Pulse Width 'display:dp|cfreq[16]'
Slack : -1.000
TNS   : -10.000

------------------------------------------------------------
