------------------------------------------------------------
Timing Analyzer Summary
------------------------------------------------------------

Type  : Slow 1200mV 85C Model Setup 'display:dp|cfreq[16]'
Slack : -2.261
TNS   : -9.827

Type  : Slow 1200mV 85C Model Setup 'clk'
Slack : -2.043
TNS   : -22.513

Type  : Slow 1200mV 85C Model Hold 'display:dp|cfreq[16]'
Slack : 0.454
TNS   : 0.000

Type  : Slow 1200mV 85C Model Hold 'clk'
Slack : 0.607
TNS   : 0.000

Type  : Slow 1200mV 85C Model Minimum Pulse Width 'clk'
Slack : -3.000
TNS   : -75.863

Type  : Slow 1200mV 85C Model Minimum Pulse Width 'display:dp|cfreq[16]'
Slack : -1.487
TNS   : -11.896

Type  : Slow 1200mV 0C Model Setup 'display:dp|cfreq[16]'
Slack : -2.080
TNS   : -8.912

Type  : Slow 1200mV 0C Model Setup 'clk'
Slack : -1.701
TNS   : -18.391

Type  : Slow 1200mV 0C Model Hold 'display:dp|cfreq[16]'
Slack : 0.402
TNS   : 0.000

Type  : Slow 1200mV 0C Model Hold 'clk'
Slack : 0.543
TNS   : 0.000

Type  : Slow 1200mV 0C Model Minimum Pulse Width 'clk'
Slack : -3.000
TNS   : -75.863

Type  : Slow 1200mV 0C Model Minimum Pulse Width 'display:dp|cfreq[16]'
Slack : -1.487
TNS   : -11.896

Type  : Fast 1200mV 0C Model Setup 'clk'
Slack : -0.646
TNS   : -1.543

Type  : Fast 1200mV 0C Model Setup 'display:dp|cfreq[16]'
Slack : -0.420
TNS   : -1.492

Type  : Fast 1200mV 0C Model Hold 'display:dp|cfreq[16]'
Slack : 0.187
TNS   : 0.000

Type  : Fast 1200mV 0C Model Hold 'clk'
Slack : 0.254
TNS   : 0.000

Type  : Fast 1200mV 0C Model Minimum Pulse Width 'clk'
Slack : -3.000
TNS   : -55.222

Type  : Fast 1200mV 0C Model Minimum Pulse Width 'display:dp|cfreq[16]'
Slack : -1.000
TNS   : -8.000

------------------------------------------------------------
